Microchip MPLAB XC8 Compiler V3.00

Linker command line:

--edf=C:\Program Files\Microchip\xc8\v3.00\pic\dat\20241204225717_en.msgs \
  -pivt0x8=08h -cn -h+dist/default/production\R2.1.X.production.sym \
  --cmf=dist/default/production\R2.1.X.production.cmf -z -Q18F57Q43 \
  -oC:\Users\akihi\AppData\Local\Temp\xcAsfk0.\driver_tmp_3.o \
  --defsym=__MPLAB_BUILD=1 --fixupoverflow=error \
  -Mdist/default/production/R2.1.X.production.map \
  --md=C:\Users\akihi\AppData\Local\Temp\xcAsfk0.\driver_tmp_0.dat -E1 \
  -ver=XC8 Compiler -ACODE=00h-01FFFFh -ACONST=00h-01FFFFh \
  -ASMALLCONST=02600h-026FFhx218,012600h-0126FFhx218 \
  -AMEDIUMCONST=02600h-0FFFFh,012600h-01FFFFh -ACOMRAM=0501h-055Fh \
  -AABS1=0500h-024FFh -ABIGRAM=0501h-024FFh \
  -ARAM=0560h-05FFh,0600h-06FFhx31 -ABANK5=0560h-05FFh -ABANK6=0600h-06FFh \
  -ABANK7=0700h-07FFh -ABANK8=0800h-08FFh -ABANK9=0900h-09FFh \
  -ABANK10=0A00h-0AFFh -ABANK11=0B00h-0BFFh -ABANK12=0C00h-0CFFh \
  -ABANK13=0D00h-0DFFh -ABANK14=0E00h-0EFFh -ABANK15=0F00h-0FFFh \
  -ABANK16=01000h-010FFh -ABANK17=01100h-011FFh -ABANK18=01200h-012FFh \
  -ABANK19=01300h-013FFh -ABANK20=01400h-014FFh -ABANK21=01500h-015FFh \
  -ABANK22=01600h-016FFh -ABANK23=01700h-017FFh -ABANK24=01800h-018FFh \
  -ABANK25=01900h-019FFh -ABANK26=01A00h-01AFFh -ABANK27=01B00h-01BFFh \
  -ABANK28=01C00h-01CFFh -ABANK29=01D00h-01DFFh -ABANK30=01E00h-01EFFh \
  -ABANK31=01F00h-01FFFh -ABANK32=02000h-020FFh -ABANK33=02100h-021FFh \
  -ABANK34=02200h-022FFh -ABANK35=02300h-023FFh -ABANK36=02400h-024FFh \
  -ASFR=00h-0FFhx4,0400h-045Fh,0460h-04FFh,02500h-025FFh \
  -ABIGSFR=00h-04FFh,02500h-025FFh -ACONFIG=0300000h-0300011h \
  -AIDLOC=0200000h-020003Fh -AEEDATA=0380000h-03803FFh -peeprom_data=EEDATA \
  -preset_vec=00h -ppowerup=CODE,init -pramtop=02600h \
  -psmallconst=SMALLCONST -pmediumconst=MEDIUMCONST -pconst=CONST \
  -AFARRAM=00h-00h \
  -prdata=COMRAM,nvrram=COMRAM,nvbit=COMRAM,rbss=COMRAM,rbit=COMRAM \
  -pfarbss=FARRAM,fardata=FARRAM,nvFARRAM=FARRAM \
  -pintsave_regs=BIGRAM,bigbss=BIGRAM,bigdata=BIGRAM -pbss=RAM \
  -pidata=CODE,irdata=CODE,ibigdata=CODE,ifardata=CODE -prparam=COMRAM \
  C:\Users\akihi\AppData\Local\Temp\xcAsfk0.\driver_tmp_14.o \
  dist/default/production\R2.1.X.production.o 

Object code version is 3.11

Machine type is 18F57Q43



                Name                               Link     Load   Length Selector   Space Scale
C:\Users\akihi\AppData\Local\Temp\xcAsfk0.\driver_tmp_14.o
                config                           300000   300000        A        0       4
                init                                102      102        4        4       0
                reset_vec                             0        0        4        0       0
dist/default/production\R2.1.X.production.o
                config                           300000   300000        A        0       4
                mediumconst                        F600     F600      A00     7B00       0
                ivt0x8                                8        8       FA        4       0
                text201                           1F590    1F590       46     7D64       0
                text200                           1EE38    1EE38       66     7B5A       0
                text199                           1ED68    1ED68       6A     7B5A       0
                text198                           1FCE4    1FCE4        2     7D64       0
                text197                           19C56    19C56      1B4     8000       0
                text196                           1FC34    1FC34       14     7D64       0
                text195                           1FC20    1FC20       14     7D64       0
                text194                           1FCD0    1FCD0        8     7D64       0
                text193                           1ECFC    1ECFC       6A     8000       0
                text192                           1D9A4    1D9A4       CC     8000       0
                text191                           1DE4E    1DE4E       B8     8000       0
                text190                           1F7E6    1F7E6       38     7D64       0
                text189                           1E61A    1E61A       94     8000       0
                text188                           1F238    1F238       54     7B5A       0
                text187                           1F61A    1F61A       3E     7D64       0
                text186                           1F022    1F022       5E     7B5A       0
                text185                           1FB16    1FB16       18     7D64       0
                text184                           1FA6A    1FA6A       22     7D64       0
                text183                           1F940    1F940       2A     7D64       0
                text182                           1E848    1E848       82     8000       0
                text181                           1FA48    1FA48       22     7D64       0
                text180                           16F12    16F12      328     8000       0
                text179                           1FA26    1FA26       22     7D64       0
                text178                           1F548    1F548       46     7B5A       0
                text177                           1DF06    1DF06       B6     8000       0
                text176                           1DCCC    1DCCC       C4     8000       0
                text175                           1FC0A    1FC0A       16     7D64       0
                text174                           1DB3A    1DB3A       CA     8000       0
                text173                           1DC04    1DC04       C8     8000       0
                text172                           1CA10    1CA10      10A     8000       0
                text171                           1D118    1D118       EA     8000       0
                text170                           1F854    1F854       34     7D64       0
                text169                           1F5D6    1F5D6       44     7D64       0
                text168                           1E3AE    1E3AE       9E     8000       0
                text167                           1953C    1953C      1DE     8000       0
                text166                           167F8    167F8      390     8000       0
                text165                           1E114    1E114       AA     8000       0
                text164                           1CC20    1CC20      104     8000       0
                text163                           158BC    158BC      426     8000       0
                text162                           1F7AE    1F7AE       38     7D64       0
                text161                           14B8E    14B8E      4B6     8000       0
                text160                           1F502    1F502       46     7B5A       0
                text159                           1CB1A    1CB1A      106     8000       0
                text158                           1CE24    1CE24       FE     8000       0
                text157                           18732    18732      216     8000       0
                text156                           1F1E2    1F1E2       56     7B5A       0
                text155                           1F380    1F380       50     7B5A       0
                text154                           1F658    1F658       3C     7D64       0
                text153                           10AC4    10AC4      A60     8000       0
                text152                           1D8D8    1D8D8       CC     8000       0
                text151                           1A4A0    1A4A0      19E     8000       0
                text150                           1AC80    1AC80      186     8000       0
                text149                           12D8A    12D8A      768     8000       0
                text148                           1F18C    1F18C       56     7B5A       0
                text147                           1F9BA    1F9BA       28     7D64       0
                text146                           1BB5A    1BB5A      172     8000       0
                text145                           16464    16464      394     8000       0
                text144                           1B408    1B408      17E     8000       0
                text143                           15044    15044      44E     8000       0
                text142                           1B28A    1B28A      17E     8000       0
                text141                           1A63E    1A63E      19C     8000       0
                text140                           1DA70    1DA70       CA     8000       0
                text139                           15CE2    15CE2      3EC     8000       0
                text138                           1E94A    1E94A       80     8000       0
                text137                           1CD24    1CD24      100     8000       0
                text136                           134F2    134F2      714     8000       0
                text135                           1F776    1F776       38     7D64       0
                text134                           1E30A    1E30A       A4     8000       0
                text133                           1EC90    1EC90       6C     8000       0
                text132                           1F992    1F992       28     7D64       0
                text131                           146A2    146A2      4EC     8000       0
                text130                           13C06    13C06      5B0     8000       0
                text129                           11DA0    11DA0      802     8000       0
                text128                           1C5C0    1C5C0      11C     8000       0
                text127                           1BCCC    1BCCC      162     8000       0
                text126                           1E7C6    1E7C6       82     8000       0
                text125                           1E068    1E068       AC     8000       0
                text124                           1AF8A    1AF8A      182     8000       0
                text123                           1EB36    1EB36       76     8000       0
                text122                           1F4B8    1F4B8       4A     7B5A       0
                text121                           1FCE0    1FCE0        4     7D64       0
                text120                           1E1BE    1E1BE       A8     8000       0
                text119                           1C6DC    1C6DC      114     8000       0
                text118                           1FC7E    1FC7E       12     7D64       0
                text117                           1F46C    1F46C       4C     7B5A       0
                text116                           1E266    1E266       A4     8000       0
                text115                           1F73E    1F73E       38     7D64       0
                text114                           18948    18948      212     8000       0
                text113                           1851C    1851C      216     8000       0
                text112                           11524    11524      87C     8000       0
                text111                           198EC    198EC      1B6     8000       0
                text110                           1FBF4    1FBF4       16     7D64       0
                text109                           1E73A    1E73A       8C     8000       0
                text108                           1FAC8    1FAC8       1C     7D64       0
                text107                           1EF02    1EF02       64     7B5A       0
                text106                           1E6AE    1E6AE       8C     8000       0
                text105                           1C492    1C492      12E     8000       0
                text104                           1FBDE    1FBDE       16     7D64       0
                text103                           1EABE    1EABE       78     8000       0
                text102                           1F0DA    1F0DA       5A     7B5A       0
                text101                           1D65E    1D65E       D8     8000       0
                text100                           1FBC8    1FBC8       16     7D64       0
                text99                            1F706    1F706       38     7D64       0
                text98                            1FCB6    1FCB6        A     7D64       0
                text97                            1D736    1D736       D4     8000       0
                text96                            1E584    1E584       96     8000       0
                text95                            1EDD2    1EDD2       66     7B5A       0
                text94                            1F41E    1F41E       4E     7B5A       0
                text93                            1F3D0    1F3D0       4E     7B5A       0
                text92                            1FBB2    1FBB2       16     7D64       0
                text91                            1AAF6    1AAF6      18A     8000       0
                text90                            1FB9C    1FB9C       16     7D64       0
                text89                            1FB86    1FB86       16     7D64       0
                text88                            1FC6C    1FC6C       12     7D64       0
                text87                            1FB70    1FB70       16     7D64       0
                text86                            1FB5A    1FB5A       16     7D64       0
                text85                            1DD90    1DD90       BE     8000       0
                text84                            1A968    1A968      18E     8000       0
                text83                            1DFBC    1DFBC       AC     8000       0
                text82                            1CF22    1CF22       FC     8000       0
                text81                            1C7F0    1C7F0      112     8000       0
                text80                            1FB44    1FB44       16     7D64       0
                text79                            1F81E    1F81E       36     7D64       0
                text78                            1EE9E    1EE9E       64     7B5A       0
                text77                            19E0A    19E0A      1AE     8000       0
                text76                            1E4E8    1E4E8       9C     8000       0
                text75                            1C21A    1C21A      146     8000       0
                text74                            19356    19356      1E6     8000       0
                text73                            1FC9E    1FC9E        E     7D64       0
                text72                            1C902    1C902      10E     8000       0
                text71                            17C7A    17C7A      238     8000       0
                text70                            1FC90    1FC90        E     7D64       0
                text69                            1A7DA    1A7DA      18E     8000       0
                text68                            19FB8    19FB8      1A6     8000       0
                text67                            1C0CC    1C0CC      14E     8000       0
                text66                            1971A    1971A      1D2     8000       0
                text65                            18D6A    18D6A      200     8000       0
                text64                            1FCDC    1FCDC        4     7D64       0
                text63                            1FC5A    1FC5A       12     7D64       0
                text62                            1FCC8    1FCC8        8     7D64       0
                text61                            1FC48    1FC48       12     7D64       0
                text60                            1EFC4    1EFC4       5E     7B5A       0
                text59                            1F6CE    1F6CE       38     7D64       0
                text58                            1E44C    1E44C       9C     8000       0
                text57                            1D3CA    1D3CA       E0     8000       0
                text56                            1F080    1F080       5A     7B5A       0
                text55                            160CE    160CE      396     8000       0
                text54                            1BE2E    1BE2E      150     8000       0
                text53                            15492    15492      42A     8000       0
                text52                            16B88    16B88      38A     8000       0
                text51                            1D80A    1D80A       CE     8000       0
                text50                            1AE06    1AE06      184     8000       0
                text49                            1E8CA    1E8CA       80     8000       0
                text48                            18300    18300      21C     8000       0
                text47                            17526    17526      294     8000       0
                text46                            1723A    1723A      2EC     8000       0
                text45                            19162    19162      1F4     8000       0
                text44                            1A302    1A302      19E     8000       0
                text43                            10000    10000      AC4     8000       0
                text42                            1B10C    1B10C      17E     8000       0
                text41                            1A15E    1A15E      1A4     8000       0
                text40                            18F6A    18F6A      1F8     8000       0
                text39                            1D202    1D202       E6     8000       0
                text38                            1EA46    1EA46       78     8000       0
                text37                            17A2C    17A2C      24E     8000       0
                text36                            1F96A    1F96A       28     7D64       0
                text35                            1D01E    1D01E       FA     8000       0
                text34                            1F2DE    1F2DE       52     7B5A       0
                text33                            177BA    177BA      272     8000       0
                text32                            1BF7E    1BF7E      14E     8000       0
                text31                            1D2E8    1D2E8       E2     8000       0
                text30                            17EB2    17EB2      232     8000       0
                text29                            125A2    125A2      7E8     8000       0
                text28                            1F330    1F330       50     7B5A       0
                text27                            18B5A    18B5A      210     8000       0
                text26                            1EF66    1EF66       5E     7B5A       0
                text25                            1D4AA    1D4AA       DC     8000       0
                text24                            1FCC0    1FCC0        8     7D64       0
                text23                            1F134    1F134       58     7B5A       0
                text22                            1B586    1B586      17A     8000       0
                text21                            1FA04    1FA04       22     7D64       0
                text20                            1F694    1F694       3A     7D64       0
                text19                            1FA8C    1FA8C       20     7D64       0
                text18                            1F888    1F888       30     7D64       0
                text17                            1B874    1B874      174     8000       0
                text16                            1EBAC    1EBAC       74     8000       0
                text15                            1FCAC    1FCAC        A     7D64       0
                text14                            1FAFE    1FAFE       18     7D64       0
                text13                            1FAAC    1FAAC       1C     7D64       0
                text12                            1F9E2    1F9E2       22     7D64       0
                text11                            1B700    1B700      174     8000       0
                text10                            19AA2    19AA2      1B4     8000       0
                text9                             1FB2E    1FB2E       16     7D64       0
                text8                             1F8E6    1F8E6       2E     7D64       0
                text7                             1E9CA    1E9CA       7C     8000       0
                text6                             1F8B8    1F8B8       2E     7D64       0
                text5                             1C360    1C360      132     8000       0
                text4                             141B6    141B6      4EC     8000       0
                text3                             1EC20    1EC20       70     8000       0
                text2                             1F28C    1F28C       52     7B5A       0
                text1                             1B9E8    1B9E8      172     8000       0
                text0                             180E4    180E4      21C     8000       0
                cstackCOMRAM                        501      501       50      501       1
                cstackBANK5                         560      560       A0      560       1
                cstackBANK6                         600      600       E8      600       1
                cstackBANK7                         700      700       71      700       1
                bssBIGRAM                           B00      B00     171E      B00       1
                bssBANK10                           A00      A00      100      A00       1
                bssBANK9                            900      900       C0      900       1
                dataBANK8                           8B8      8B8       1A      800       1
                bssBANK8                            800      800       B8      800       1
                dataBANK7                           7D2      7D2       2C      700       1
                bssBANK7                            771      771       61      700       1
                dataBANK6                           6F8      6F8        4      600       1
                bssBANK6                            6E8      6E8       10      600       1
                bssCOMRAM                           551      551        7      501       1
                cinit                             1D586    1D586       D8     8000       0
                idataBANK8                        1FAE4    1FAE4       1A     7D64       0
                idataBANK7                        1F914    1F914       2C     7D64       0
                idataBANK6                        1FCD8    1FCD8        4     7D64       0

TOTAL           Name                               Link     Load   Length     Space
        CLASS   CODE           
                init                                102      102        4         0
                reset_vec                             0        0        4         0
                ivt0x8                                8        8       FA         0
                text201                           1F590    1F590       46         0
                text200                           1EE38    1EE38       66         0
                text199                           1ED68    1ED68       6A         0
                text198                           1FCE4    1FCE4        2         0
                text197                           19C56    19C56      1B4         0
                text196                           1FC34    1FC34       14         0
                text195                           1FC20    1FC20       14         0
                text194                           1FCD0    1FCD0        8         0
                text193                           1ECFC    1ECFC       6A         0
                text192                           1D9A4    1D9A4       CC         0
                text191                           1DE4E    1DE4E       B8         0
                text190                           1F7E6    1F7E6       38         0
                text189                           1E61A    1E61A       94         0
                text188                           1F238    1F238       54         0
                text187                           1F61A    1F61A       3E         0
                text186                           1F022    1F022       5E         0
                text185                           1FB16    1FB16       18         0
                text184                           1FA6A    1FA6A       22         0
                text183                           1F940    1F940       2A         0
                text182                           1E848    1E848       82         0
                text181                           1FA48    1FA48       22         0
                text180                           16F12    16F12      328         0
                text179                           1FA26    1FA26       22         0
                text178                           1F548    1F548       46         0
                text177                           1DF06    1DF06       B6         0
                text176                           1DCCC    1DCCC       C4         0
                text175                           1FC0A    1FC0A       16         0
                text174                           1DB3A    1DB3A       CA         0
                text173                           1DC04    1DC04       C8         0
                text172                           1CA10    1CA10      10A         0
                text171                           1D118    1D118       EA         0
                text170                           1F854    1F854       34         0
                text169                           1F5D6    1F5D6       44         0
                text168                           1E3AE    1E3AE       9E         0
                text167                           1953C    1953C      1DE         0
                text166                           167F8    167F8      390         0
                text165                           1E114    1E114       AA         0
                text164                           1CC20    1CC20      104         0
                text163                           158BC    158BC      426         0
                text162                           1F7AE    1F7AE       38         0
                text161                           14B8E    14B8E      4B6         0
                text160                           1F502    1F502       46         0
                text159                           1CB1A    1CB1A      106         0
                text158                           1CE24    1CE24       FE         0
                text157                           18732    18732      216         0
                text156                           1F1E2    1F1E2       56         0
                text155                           1F380    1F380       50         0
                text154                           1F658    1F658       3C         0
                text153                           10AC4    10AC4      A60         0
                text152                           1D8D8    1D8D8       CC         0
                text151                           1A4A0    1A4A0      19E         0
                text150                           1AC80    1AC80      186         0
                text149                           12D8A    12D8A      768         0
                text148                           1F18C    1F18C       56         0
                text147                           1F9BA    1F9BA       28         0
                text146                           1BB5A    1BB5A      172         0
                text145                           16464    16464      394         0
                text144                           1B408    1B408      17E         0
                text143                           15044    15044      44E         0
                text142                           1B28A    1B28A      17E         0
                text141                           1A63E    1A63E      19C         0
                text140                           1DA70    1DA70       CA         0
                text139                           15CE2    15CE2      3EC         0
                text138                           1E94A    1E94A       80         0
                text137                           1CD24    1CD24      100         0
                text136                           134F2    134F2      714         0
                text135                           1F776    1F776       38         0
                text134                           1E30A    1E30A       A4         0
                text133                           1EC90    1EC90       6C         0
                text132                           1F992    1F992       28         0
                text131                           146A2    146A2      4EC         0
                text130                           13C06    13C06      5B0         0
                text129                           11DA0    11DA0      802         0
                text128                           1C5C0    1C5C0      11C         0
                text127                           1BCCC    1BCCC      162         0
                text126                           1E7C6    1E7C6       82         0
                text125                           1E068    1E068       AC         0
                text124                           1AF8A    1AF8A      182         0
                text123                           1EB36    1EB36       76         0
                text122                           1F4B8    1F4B8       4A         0
                text121                           1FCE0    1FCE0        4         0
                text120                           1E1BE    1E1BE       A8         0
                text119                           1C6DC    1C6DC      114         0
                text118                           1FC7E    1FC7E       12         0
                text117                           1F46C    1F46C       4C         0
                text116                           1E266    1E266       A4         0
                text115                           1F73E    1F73E       38         0
                text114                           18948    18948      212         0
                text113                           1851C    1851C      216         0
                text112                           11524    11524      87C         0
                text111                           198EC    198EC      1B6         0
                text110                           1FBF4    1FBF4       16         0
                text109                           1E73A    1E73A       8C         0
                text108                           1FAC8    1FAC8       1C         0
                text107                           1EF02    1EF02       64         0
                text106                           1E6AE    1E6AE       8C         0
                text105                           1C492    1C492      12E         0
                text104                           1FBDE    1FBDE       16         0
                text103                           1EABE    1EABE       78         0
                text102                           1F0DA    1F0DA       5A         0
                text101                           1D65E    1D65E       D8         0
                text100                           1FBC8    1FBC8       16         0
                text99                            1F706    1F706       38         0
                text98                            1FCB6    1FCB6        A         0
                text97                            1D736    1D736       D4         0
                text96                            1E584    1E584       96         0
                text95                            1EDD2    1EDD2       66         0
                text94                            1F41E    1F41E       4E         0
                text93                            1F3D0    1F3D0       4E         0
                text92                            1FBB2    1FBB2       16         0
                text91                            1AAF6    1AAF6      18A         0
                text90                            1FB9C    1FB9C       16         0
                text89                            1FB86    1FB86       16         0
                text88                            1FC6C    1FC6C       12         0
                text87                            1FB70    1FB70       16         0
                text86                            1FB5A    1FB5A       16         0
                text85                            1DD90    1DD90       BE         0
                text84                            1A968    1A968      18E         0
                text83                            1DFBC    1DFBC       AC         0
                text82                            1CF22    1CF22       FC         0
                text81                            1C7F0    1C7F0      112         0
                text80                            1FB44    1FB44       16         0
                text79                            1F81E    1F81E       36         0
                text78                            1EE9E    1EE9E       64         0
                text77                            19E0A    19E0A      1AE         0
                text76                            1E4E8    1E4E8       9C         0
                text75                            1C21A    1C21A      146         0
                text74                            19356    19356      1E6         0
                text73                            1FC9E    1FC9E        E         0
                text72                            1C902    1C902      10E         0
                text71                            17C7A    17C7A      238         0
                text70                            1FC90    1FC90        E         0
                text69                            1A7DA    1A7DA      18E         0
                text68                            19FB8    19FB8      1A6         0
                text67                            1C0CC    1C0CC      14E         0
                text66                            1971A    1971A      1D2         0
                text65                            18D6A    18D6A      200         0
                text64                            1FCDC    1FCDC        4         0
                text63                            1FC5A    1FC5A       12         0
                text62                            1FCC8    1FCC8        8         0
                text61                            1FC48    1FC48       12         0
                text60                            1EFC4    1EFC4       5E         0
                text59                            1F6CE    1F6CE       38         0
                text58                            1E44C    1E44C       9C         0
                text57                            1D3CA    1D3CA       E0         0
                text56                            1F080    1F080       5A         0
                text55                            160CE    160CE      396         0
                text54                            1BE2E    1BE2E      150         0
                text53                            15492    15492      42A         0
                text52                            16B88    16B88      38A         0
                text51                            1D80A    1D80A       CE         0
                text50                            1AE06    1AE06      184         0
                text49                            1E8CA    1E8CA       80         0
                text48                            18300    18300      21C         0
                text47                            17526    17526      294         0
                text46                            1723A    1723A      2EC         0
                text45                            19162    19162      1F4         0
                text44                            1A302    1A302      19E         0
                text43                            10000    10000      AC4         0
                text42                            1B10C    1B10C      17E         0
                text41                            1A15E    1A15E      1A4         0
                text40                            18F6A    18F6A      1F8         0
                text39                            1D202    1D202       E6         0
                text38                            1EA46    1EA46       78         0
                text37                            17A2C    17A2C      24E         0
                text36                            1F96A    1F96A       28         0
                text35                            1D01E    1D01E       FA         0
                text34                            1F2DE    1F2DE       52         0
                text33                            177BA    177BA      272         0
                text32                            1BF7E    1BF7E      14E         0
                text31                            1D2E8    1D2E8       E2         0
                text30                            17EB2    17EB2      232         0
                text29                            125A2    125A2      7E8         0
                text28                            1F330    1F330       50         0
                text27                            18B5A    18B5A      210         0
                text26                            1EF66    1EF66       5E         0
                text25                            1D4AA    1D4AA       DC         0
                text24                            1FCC0    1FCC0        8         0
                text23                            1F134    1F134       58         0
                text22                            1B586    1B586      17A         0
                text21                            1FA04    1FA04       22         0
                text20                            1F694    1F694       3A         0
                text19                            1FA8C    1FA8C       20         0
                text18                            1F888    1F888       30         0
                text17                            1B874    1B874      174         0
                text16                            1EBAC    1EBAC       74         0
                text15                            1FCAC    1FCAC        A         0
                text14                            1FAFE    1FAFE       18         0
                text13                            1FAAC    1FAAC       1C         0
                text12                            1F9E2    1F9E2       22         0
                text11                            1B700    1B700      174         0
                text10                            19AA2    19AA2      1B4         0
                text9                             1FB2E    1FB2E       16         0
                text8                             1F8E6    1F8E6       2E         0
                text7                             1E9CA    1E9CA       7C         0
                text6                             1F8B8    1F8B8       2E         0
                text5                             1C360    1C360      132         0
                text4                             141B6    141B6      4EC         0
                text3                             1EC20    1EC20       70         0
                text2                             1F28C    1F28C       52         0
                text1                             1B9E8    1B9E8      172         0
                text0                             180E4    180E4      21C         0
                cinit                             1D586    1D586       D8         0
                idataBANK8                        1FAE4    1FAE4       1A         0
                idataBANK7                        1F914    1F914       2C         0
                idataBANK6                        1FCD8    1FCD8        4         0

        CLASS   CONST          

        CLASS   SMALLCONST     

        CLASS   MEDIUMCONST    
                mediumconst                        F600     F600      A00         0

        CLASS   COMRAM         
                cstackCOMRAM                        501      501       50         1
                bssCOMRAM                           551      551        7         1

        CLASS   ABS1           

        CLASS   BIGRAM         
                bssBIGRAM                           B00      B00     171E         1

        CLASS   RAM            

        CLASS   BANK5          
                cstackBANK5                         560      560       A0         1

        CLASS   BANK6          
                cstackBANK6                         600      600       E8         1
                dataBANK6                           6F8      6F8        4         1
                bssBANK6                            6E8      6E8       10         1

        CLASS   BANK7          
                cstackBANK7                         700      700       71         1
                dataBANK7                           7D2      7D2       2C         1
                bssBANK7                            771      771       61         1

        CLASS   BANK8          
                dataBANK8                           8B8      8B8       1A         1
                bssBANK8                            800      800       B8         1

        CLASS   BANK9          
                bssBANK9                            900      900       C0         1

        CLASS   BANK10         
                bssBANK10                           A00      A00      100         1

        CLASS   BANK11         

        CLASS   BANK12         

        CLASS   BANK13         

        CLASS   BANK14         

        CLASS   BANK15         

        CLASS   BANK16         

        CLASS   BANK17         

        CLASS   BANK18         

        CLASS   BANK19         

        CLASS   BANK20         

        CLASS   BANK21         

        CLASS   BANK22         

        CLASS   BANK23         

        CLASS   BANK24         

        CLASS   BANK25         

        CLASS   BANK26         

        CLASS   BANK27         

        CLASS   BANK28         

        CLASS   BANK29         

        CLASS   BANK30         

        CLASS   BANK31         

        CLASS   BANK32         

        CLASS   BANK33         

        CLASS   BANK34         

        CLASS   BANK35         

        CLASS   BANK36         

        CLASS   SFR            

        CLASS   BIGSFR         

        CLASS   CONFIG         
                config                           300000   300000        A         4

        CLASS   IDLOC          

        CLASS   EEDATA         

        CLASS   FARRAM         

        CLASS   HEAP           

        CLASS   STACK          



SEGMENTS        Name                           Load    Length   Top    Selector   Space  Class

                reset_vec                      000000  000004  000004         0       0  CODE    
                ivt0x8                         000008  0000FE  000106         4       0  CODE    
                cstackCOMRAM                   000501  000057  000558       501       1  COMRAM  
                cstackBANK5                    000560  0000A0  000600       560       1  BANK5   
                cstackBANK6                    000600  0000FC  0006FC       600       1  BANK6   
                cstackBANK7                    000700  0000FE  0007FE       700       1  BANK7   
                bssBANK8                       000800  0000D2  0008D2       800       1  BANK8   
                bssBANK9                       000900  0000C0  0009C0       900       1  BANK9   
                bssBANK10                      000A00  000100  000B00       A00       1  BANK10  
                bssBIGRAM                      000B00  00171E  00221E       B00       1  BIGRAM  
                mediumconst                    00F600  000A00  010000      7B00       0  MEDIUMCO
                text43                         010000  00ED66  01ED66      8000       0  CODE    
                text199                        01ED68  000826  01F58E      7B5A       0  CODE    
                text201                        01F590  000756  01FCE6      7D64       0  CODE    


UNUSED ADDRESS RANGES

        Name                Unused          Largest block    Delta
        BANK34           00221E-0022FF               E2
        BANK35           002300-0023FF              100
        BANK36           002400-0024FF              100
        BANK6            0006FC-0006FF                4
        BANK7            0007FE-0007FF                2
        BANK8            0008D2-0008FF               2E
        BANK9            0009C0-0009FF               40
        BIGRAM           000558-00055F                8
                         0006FC-0006FF                4
                         0007FE-0007FF                2
                         0008D2-0008FF               2E
                         0009C0-0009FF               40
                         00221E-0024FF              2E2
        BIGSFR           000000-0004FF              500
                         002500-0025FF              100
        CODE             000004-000007                4
                         000106-00F5FF             F4FA
                         01ED66-01ED67                2
                         01F58E-01F58F                2
                         01FCE6-01FFFF              31A
        COMRAM           000558-00055F                8
        CONFIG           30000A-300011                8
        CONST            000004-000007                4
                         000106-00F5FF             F4FA
                         01ED66-01ED67                2
                         01F58E-01F58F                2
                         01FCE6-01FFFF              31A
        EEDATA           380000-3803FF              400
        IDLOC            200000-20003F               40
        MEDIUMCONST      002600-00F5FF             D000
                         01ED66-01ED67                2
                         01F58E-01F58F                2
                         01FCE6-01FFFF              31A
        RAM              0006FC-0006FF                4
                         0007FE-0007FF                2
                         0008D2-0008FF               2E
                         0009C0-0009FF               40
                         00221E-0024FF              100
        SFR              000000-0004FF              100
                         002500-0025FF              100
        SMALLCONST       002600-00F5FF              100
                         01ED66-01ED67                2
                         01F58E-01F58F                2
                         01FCE6-01FFFF              100

                                  Symbol Table

?_SDCard_init                             cstackBANK5  0005D9
?_SDCard_read512                          cstackBANK5  0005F2
?_SDCard_write512                         cstackBANK5  0005F2
?___SDCard_command_r1                     cstackCOMRAM 000520
?___SDCard_crc16                          cstackCOMRAM 000509
?___aldiv                                 cstackCOMRAM 000509
?___almod                                 cstackCOMRAM 000509
?___fladd                                 cstackCOMRAM 000509
?___fldiv                                 cstackCOMRAM 000537
?___flmul                                 cstackCOMRAM 00051E
?___flneg                                 cstackCOMRAM 000509
?___flsub                                 cstackCOMRAM 000537
?___fltol                                 cstackCOMRAM 000509
?___fpclassifyf                           cstackCOMRAM 000509
?___lldiv                                 cstackCOMRAM 000509
?___lmul                                  cstackCOMRAM 000509
?___lwdiv                                 cstackCOMRAM 000509
?___lwmod                                 cstackCOMRAM 000509
?___xxtofl                                cstackCOMRAM 000510
?_abs                                     cstackCOMRAM 000513
?_check_fs                                cstackBANK6  000639
?_chk_i2cdev                              cstackBANK5  0005D1
?_chk_leap                                cstackCOMRAM 00050E
?_chk_os                                  cstackBANK6  0006C9
?_clst2sect                               cstackCOMRAM 000515
?_create_chain                            cstackBANK6  00065A
?_days_from_1980                          cstackCOMRAM 00051A
?_dbc_1st                                 cstackCOMRAM 000509
?_dbc_2nd                                 cstackCOMRAM 000509
?_disk_init                               cstackBANK6  0006CE
?_dos_sec_size                            cstackCOMRAM 000509
?_find_volume                             cstackBANK6  000647
?_floorf                                  cstackBANK5  000560
?_get_fat                                 cstackBANK6  000639
?_get_fattime                             cstackCOMRAM 000509
?_get_ldnumber                            cstackCOMRAM 000509
?_get_physical_addr                       cstackCOMRAM 000509
?_getax                                   cstackCOMRAM 000509
?_getch                                   cstackCOMRAM 000509
?_jan_to_days                             cstackCOMRAM 000509
?_labs                                    cstackCOMRAM 000509
?_ld_clust                                cstackCOMRAM 000510
?_ld_dword                                cstackCOMRAM 000509
?_ld_word                                 cstackCOMRAM 000509
?_leaps                                   cstackCOMRAM 000514
?_load_program                            cstackBANK6  0006CF
?_memcmp                                  cstackCOMRAM 000509
?_open_dskimg                             cstackBANK6  0006CF
?_printf                                  cstackBANK5  0005C3
?_read_disk                               cstackBANK6  0006B7
?_read_prec_or_width                      cstackCOMRAM 000509
?_read_sector                             cstackBANK6  0006B1
?_read_sector@io_dos$F2333                cstackBANK6  0006A9
?_seek_disk                               cstackBANK6  0006A0
?_seek_disk@io_dos$F2287                  cstackBANK6  0006A0
?_set_bpb                                 cstackCOMRAM 000509
?_set_drive                               cstackCOMRAM 000509
?_setup_drive                             cstackCOMRAM 000509
?_setup_drive@io_dos$F2273                cstackCOMRAM 00050C
?_sprintf                                 cstackBANK5  0005C3
?_strchr                                  cstackCOMRAM 000509
?_strcmp                                  cstackCOMRAM 000509
?_vfprintf                                cstackBANK5  0005BB
?_write_disk                              cstackBANK6  0006B3
?_write_sector                            cstackBANK6  0006B1
?_write_sector@io_dos$F2397               cstackBANK6  0006A9
?_write_verify                            cstackBANK6  0006B7
I2C_ByteRead@buf                          cstackCOMRAM 000509
I2C_ByteRead@client_addr                  cstackCOMRAM 00050B
I2C_ByteRead@res                          cstackCOMRAM 00050C
I2C_ByteWrite@client_addr                 cstackCOMRAM 00050A
I2C_ByteWrite@data                        cstackCOMRAM 000509
I2C_ByteWrite@res                         cstackCOMRAM 00050B
IVTBASEH                                  (abs)        00045E
IVTBASEL                                  (abs)        00045D
IVTBASEU                                  (abs)        00045F
SDCard_command@argument                   cstackCOMRAM 000530
SDCard_command@command                    cstackCOMRAM 000538
SDCard_command@length                     cstackCOMRAM 000536
SDCard_command@response_buffer            cstackCOMRAM 000534
SDCard_command@responsep                  cstackCOMRAM 00053D
SDCard_command@result                     cstackCOMRAM 00053B
SDCard_command@spi                        cstackCOMRAM 000539
SDCard_crc@buf                            cstackCOMRAM 000509
SDCard_crc@count                          cstackCOMRAM 00050B
SDCard_crc@crc                            cstackCOMRAM 000511
SDCard_crc@endp                           cstackCOMRAM 00050D
SDCard_crc@i                              cstackCOMRAM 00050F
SDCard_crc@p                              cstackCOMRAM 000512
SDCard_end_transaction@spi                cstackCOMRAM 00051A
SDCard_init@buf                           cstackBANK5  0005E3
SDCard_init@clock_speed                   cstackBANK5  0005DB
SDCard_init@i                             cstackBANK5  0005DF
SDCard_init@initial_clock_speed           cstackBANK5  0005D9
SDCard_init@spi                           cstackBANK5  0005E1
SDCard_init@timeout                       cstackBANK5  0005DD
SDCard_read512@addr                       cstackBANK5  0005F2
SDCard_read512@buf                        cstackBANK5  0005F8
SDCard_read512@count                      cstackBANK5  0005FA
SDCard_read512@crc                        cstackBANK6  00060C
SDCard_read512@i                          cstackBANK6  000600
SDCard_read512@i_723                      cstackBANK6  000602
SDCard_read512@offs                       cstackBANK5  0005F6
SDCard_read512@resp_crc                   cstackBANK6  000606
SDCard_read512@response                   cstackBANK6  00060E
SDCard_read512@result                     cstackBANK6  000608
SDCard_read512@retry                      cstackBANK6  000604
SDCard_read512@spi                        cstackBANK6  00060A
SDCard_write512@addr                      cstackBANK5  0005F2
SDCard_write512@buf                       cstackBANK5  0005F8
SDCard_write512@count                     cstackBANK5  0005FA
SDCard_write512@crc                       cstackBANK6  000608
SDCard_write512@i                         cstackBANK6  000600
SDCard_write512@i_740                     cstackBANK6  000602
SDCard_write512@offs                      cstackBANK5  0005F6
SDCard_write512@response                  cstackBANK6  00060C
SDCard_write512@result                    cstackBANK6  000606
SDCard_write512@retry                     cstackBANK6  000604
SDCard_write512@spi                       cstackBANK6  00060A
SPI_SD_begin@ctx                          cstackCOMRAM 00050B
SPI_SD_begin@ctx_                         cstackCOMRAM 000509
SPI_SD_begin_transaction@ctx_             cstackCOMRAM 00050D
SPI_SD_configure@bit_order                cstackBANK5  0005D5
SPI_SD_configure@clock_speed              cstackBANK5  0005D3
SPI_SD_configure@ctx_                     cstackBANK5  0005D1
SPI_SD_configure@data_mode                cstackBANK5  0005D6
SPI_SD_dummy_clocks@clocks                cstackCOMRAM 000515
SPI_SD_dummy_clocks@ctx_                  cstackCOMRAM 000513
SPI_SD_dummy_clocks@dummy                 cstackCOMRAM 000519
SPI_SD_dummy_clocks@i                     cstackCOMRAM 000517
SPI_SD_end_transaction@ctx_               cstackCOMRAM 00050D
SPI_SD_receive@buf                        cstackCOMRAM 00050B
SPI_SD_receive@count                      cstackCOMRAM 00050D
SPI_SD_receive@ctx_                       cstackCOMRAM 000509
SPI_SD_receive@i                          cstackCOMRAM 000512
SPI_SD_receive@i_639                      cstackCOMRAM 000514
SPI_SD_receive@p                          cstackCOMRAM 000515
SPI_SD_receive@repeat                     cstackCOMRAM 000511
SPI_SD_receive_byte@ctx_                  cstackCOMRAM 000517
SPI_SD_receive_byte@dummy                 cstackCOMRAM 000519
SPI_SD_select@ctx_                        cstackCOMRAM 000509
SPI_SD_select@select                      cstackCOMRAM 00050B
SPI_SD_send@buf                           cstackCOMRAM 00050B
SPI_SD_send@count                         cstackCOMRAM 00050D
SPI_SD_send@ctx_                          cstackCOMRAM 000509
SPI_SD_send@i                             cstackCOMRAM 00050F
SPI_SD_send@p                             cstackCOMRAM 000511
TIMER0_ISR@tmpCnt                         cstackCOMRAM 000501
URT1Rx_ISR@ax_data                        cstackCOMRAM 000508
URT3Rx_ISR@rx_data                        cstackCOMRAM 000505
_ANSELA                                   (abs)        000400
_ANSELB                                   (abs)        000408
_ANSELC                                   (abs)        000410
_ANSELD                                   (abs)        000418
_ANSELE0                                  (abs)        002100
_ANSELE1                                  (abs)        002101
_ANSELE2                                  (abs)        002102
_ANSELF                                   (abs)        000428
_CLC3OUT                                  (abs)        0006A2
_CLCIN0PPS                                (abs)        000261
_CLCIN4PPS                                (abs)        000265
_CLCIN5PPS                                (abs)        000266
_CLCSELECT                                (abs)        0000D5
_CLCnCON                                  (abs)        0000D6
_CLCnGLS0                                 (abs)        0000DC
_CLCnGLS1                                 (abs)        0000DD
_CLCnGLS2                                 (abs)        0000DE
_CLCnGLS3                                 (abs)        0000DF
_CLCnPOL                                  (abs)        0000D7
_CLCnSEL0                                 (abs)        0000D8
_CLCnSEL1                                 (abs)        0000D9
_CLCnSEL2                                 (abs)        0000DA
_CLCnSEL3                                 (abs)        0000DB
_DbcTbl                                   mediumconst  00F619
_Default_ISR                              text198      01FCE4
_FatFs                                    bssBANK6     0006ED
_Fsid                                     bssBANK7     00078C
_G3POL                                    (abs)        0006BA
_GIE                                      (abs)        0026B7
_I2C1ADB1                                 (abs)        00028F
_I2C1CLK                                  (abs)        00029C
_I2C1CNT                                  (abs)        00028D
_I2C1CON0bits                             (abs)        000294
_I2C1CON1bits                             (abs)        000295
_I2C1CON2bits                             (abs)        000296
_I2C1ERR                                  (abs)        000297
_I2C1PIE                                  (abs)        00029B
_I2C1PIR                                  (abs)        00029A
_I2C1PIRbits                              (abs)        00029A
_I2C1RXB                                  (abs)        00028B
_I2C1SCLPPS                               (abs)        000271
_I2C1SDAPPS                               (abs)        000270
_I2C1STAT0bits                            (abs)        000298
_I2C1STAT1bits                            (abs)        000299
_I2C1TXB                                  (abs)        00028C
_I2C1_Init                                text21       01FA04
_I2C_ByteRead                             text95       01EDD2
_I2C_ByteWrite                            text94       01F41E
_I2C_Check_BusFree                        text26       01EF66
_IVTBASE                                  (abs)        00045D
_IVTLOCK                                  (abs)        000459
_IVTLOCKbits                              (abs)        000459
_LATA0                                    (abs)        0025F0
_LATA1                                    (abs)        0025F1
_LATA2                                    (abs)        0025F2
_LATA3                                    (abs)        0025F3
_LATA5                                    (abs)        0025F5
_LATA6                                    (abs)        0025F6
_LATB                                     (abs)        0004BF
_LATC0                                    (abs)        002600
_LATC1                                    (abs)        002601
_LATC2                                    (abs)        002602
_LATC3                                    (abs)        002603
_LATC4                                    (abs)        002604
_LATC6                                    (abs)        002606
_LATC7                                    (abs)        002607
_LATD                                     (abs)        0004C1
_LATE0                                    (abs)        002610
_LATE1                                    (abs)        002611
_LATE2                                    (abs)        002612
_LATF                                     (abs)        0004C3
_LFOEN                                    (abs)        00059C
_MFOEN                                    (abs)        00059D
_ODCONC                                   (abs)        000412
_OSCFRQ                                   (abs)        0000B1
_PORTB                                    (abs)        0004CF
_PWM1CLK                                  (abs)        000461
_PWM1CON                                  (abs)        000469
_PWM1GIE                                  (abs)        000468
_PWM1PR                                   (abs)        000463
_PWM1S1CFG                                (abs)        00046A
_PWM1S1P1                                 (abs)        00046B
_PWM1S1P2                                 (abs)        00046D
_RA4PPS                                   (abs)        000205
_RA5                                      (abs)        002675
_RA6PPS                                   (abs)        000207
_RB0PPS                                   (abs)        000209
_RB1PPS                                   (abs)        00020A
_RC1PPS                                   (abs)        000212
_RC2PPS                                   (abs)        000213
_RC3                                      (abs)        002683
_RC3I2C                                   (abs)        000287
_RC3PPS                                   (abs)        000214
_RC4                                      (abs)        002684
_RC4I2C                                   (abs)        000286
_RC4PPS                                   (abs)        000215
_RC6PPS                                   (abs)        000217
_RC7PPS                                   (abs)        000218
_SDCard_command                           text7        01E9CA
_SDCard_crc                               text182      01E848
_SDCard_end_transaction                   text183      01F940
_SDCard_init                              text4        0141B6
_SDCard_read512                           text145      016464
_SDCard_write512                          text143      015044
_SLRCONBbits                              (abs)        00040B
_SPI1BAUD                                 (abs)        000089
_SPI1CLK                                  (abs)        00008C
_SPI1CON0                                 (abs)        000084
_SPI1CON0bits                             (abs)        000084
_SPI1CON1                                 (abs)        000085
_SPI1CON1bits                             (abs)        000085
_SPI1CON2bits                             (abs)        000086
_SPI1INTE                                 (abs)        00008B
_SPI1RXB                                  (abs)        000080
_SPI1RXIF                                 (abs)        002588
_SPI1SCKPPS                               (abs)        00026A
_SPI1SDIPPS                               (abs)        00026B
_SPI1TCNTH                                (abs)        000083
_SPI1TCNTL                                (abs)        000082
_SPI1TWIDTH                               (abs)        000088
_SPI1TXB                                  (abs)        000081
_SPI_SD_begin                             text6        01F8B8
_SPI_SD_begin_transaction                 text181      01FA48
_SPI_SD_configure                         text5        01C360
_SPI_SD_ctx                               dataBANK7    0007E2
_SPI_SD_dummy_clocks                      text186      01F022
_SPI_SD_end_transaction                   text184      01FA6A
_SPI_SD_receive                           text180      016F12
_SPI_SD_receive_byte                      text179      01FA26
_SPI_SD_select                            text185      01FB16
_SPI_SD_send                              text189      01E61A
_T0CON0                                   (abs)        00031A
_T0CON1                                   (abs)        00031B
_TIMER0_ISR                               text199      01ED68
_TMR0H                                    (abs)        000319
_TMR0IE                                   (abs)        00250F
_TMR0IF                                   (abs)        00258F
_TMR0L                                    (abs)        000318
_TRISA0                                   (abs)        002630
_TRISA1                                   (abs)        002631
_TRISA2                                   (abs)        002632
_TRISA3                                   (abs)        002633
_TRISA4                                   (abs)        002634
_TRISA5                                   (abs)        002635
_TRISA6                                   (abs)        002636
_TRISA7                                   (abs)        002637
_TRISB                                    (abs)        0004C7
_TRISB0                                   (abs)        002638
_TRISB1                                   (abs)        002639
_TRISB2                                   (abs)        00263A
_TRISC0                                   (abs)        002640
_TRISC1                                   (abs)        002641
_TRISC2                                   (abs)        002642
_TRISC3                                   (abs)        002643
_TRISC4                                   (abs)        002644
_TRISC5                                   (abs)        002645
_TRISC6                                   (abs)        002646
_TRISC7                                   (abs)        002647
_TRISD                                    (abs)        0004C9
_TRISE0                                   (abs)        002650
_TRISE1                                   (abs)        002651
_TRISE2                                   (abs)        002652
_TRISF                                    (abs)        0004CB
_U1BRG                                    (abs)        0002AE
_U1ON                                     (abs)        001567
_U1RXB                                    (abs)        0002A1
_U1RXEN                                   (abs)        00155C
_U1RXIE                                   (abs)        002510
_U1RXPPS                                  (abs)        000272
_U1TXB                                    (abs)        0002A3
_U1TXEN                                   (abs)        00155D
_U1TXIF                                   (abs)        002591
_U3BRG                                    (abs)        0002D4
_U3ON                                     (abs)        001697
_U3RXB                                    (abs)        0002C7
_U3RXEN                                   (abs)        00168C
_U3RXIE                                   (abs)        002538
_U3RXPPS                                  (abs)        000276
_U3TXB                                    (abs)        0002C9
_U3TXEN                                   (abs)        00168D
_U3TXIF                                   (abs)        0025B9
_URT1Rx_ISR                               text201      01F590
_URT3Rx_ISR                               text200      01EE38
_WPUA0                                    (abs)        002008
_WPUA1                                    (abs)        002009
_WPUA2                                    (abs)        00200A
_WPUA3                                    (abs)        00200B
_WPUA4                                    (abs)        00200C
_WPUA5                                    (abs)        00200D
_WPUB                                     (abs)        000409
_WPUC0                                    (abs)        002088
_WPUC1                                    (abs)        002089
_WPUC2                                    (abs)        00208A
_WPUC3                                    (abs)        00208B
_WPUC4                                    (abs)        00208C
_WPUC5                                    (abs)        00208D
_WPUC6                                    (abs)        00208E
_WPUD                                     (abs)        000419
_WPUE2                                    (abs)        00210A
_WPUF                                     (abs)        000429
__HRAM                                    (abs)        000000
__H__absolute__                           __absolute__ 000000
__Habs1                                   abs1         000000
__Hbank10                                 bank10       000000
__Hbank11                                 bank11       000000
__Hbank12                                 bank12       000000
__Hbank13                                 bank13       000000
__Hbank14                                 bank14       000000
__Hbank15                                 bank15       000000
__Hbank16                                 bank16       000000
__Hbank17                                 bank17       000000
__Hbank18                                 bank18       000000
__Hbank19                                 bank19       000000
__Hbank20                                 bank20       000000
__Hbank21                                 bank21       000000
__Hbank22                                 bank22       000000
__Hbank23                                 bank23       000000
__Hbank24                                 bank24       000000
__Hbank25                                 bank25       000000
__Hbank26                                 bank26       000000
__Hbank27                                 bank27       000000
__Hbank28                                 bank28       000000
__Hbank29                                 bank29       000000
__Hbank30                                 bank30       000000
__Hbank31                                 bank31       000000
__Hbank32                                 bank32       000000
__Hbank33                                 bank33       000000
__Hbank34                                 bank34       000000
__Hbank35                                 bank35       000000
__Hbank36                                 bank36       000000
__Hbank5                                  bank5        000000
__Hbank6                                  bank6        000000
__Hbank7                                  bank7        000000
__Hbank8                                  bank8        000000
__Hbank9                                  bank9        000000
__Hbigbss                                 bigbss       000000
__Hbigdata                                bigdata      000000
__Hbigram                                 bigram       000000
__Hbigsfr                                 bigsfr       000000
__Hbss                                    bss          000000
__HbssBANK10                              bssBANK10    000000
__HbssBANK6                               bssBANK6     000000
__HbssBANK7                               bssBANK7     000000
__HbssBANK8                               bssBANK8     000000
__HbssBANK9                               bssBANK9     000000
__HbssBIGRAM                              bssBIGRAM    000000
__HbssCOMRAM                              bssCOMRAM    000000
__Hcinit                                  cinit        000000
__Hclrtext                                clrtext      000000
__Hcomram                                 comram       000000
__Hconfig                                 config       30000A
__Hconst                                  const        000000
__HcstackBANK5                            cstackBANK5  000000
__HcstackBANK6                            cstackBANK6  000000
__HcstackBANK7                            cstackBANK7  000000
__HcstackCOMRAM                           cstackCOMRAM 000000
__Hdata                                   data         000000
__HdataBANK6                              dataBANK6    000000
__HdataBANK7                              dataBANK7    000000
__HdataBANK8                              dataBANK8    000000
__Heeprom_data                            eeprom_data  000000
__Hfarbss                                 farbss       000000
__Hfardata                                fardata      000000
__Hheap                                   heap         000000
__Hibigdata                               ibigdata     000000
__Hidata                                  idata        000000
__HidataBANK6                             idataBANK6   000000
__HidataBANK7                             idataBANK7   000000
__HidataBANK8                             idataBANK8   000000
__Hidloc                                  idloc        000000
__Hifardata                               ifardata     000000
__Hinit                                   init         000106
__Hintsave_regs                           intsave_regs 000000
__Hirdata                                 irdata       000000
__Hivt0x8                                 ivt0x8       000102
__Hmediumconst                            mediumconst  010000
__HnvFARRAM                               nvFARRAM     000000
__Hnvbit                                  nvbit        000000
__Hnvrram                                 nvrram       000000
__Hparam                                  rparam       000000
__Hpowerup                                powerup      000000
__Hram                                    ram          000000
__Hramtop                                 ramtop       002600
__Hrbit                                   rbit         000000
__Hrbss                                   rbss         000000
__Hrdata                                  rdata        000000
__Hreset_vec                              reset_vec    000004
__Hrparam                                 rparam       000000
__Hsfr                                    sfr          000000
__Hsmallconst                             smallconst   000000
__Hspace_0                                (abs)        01FCE6
__Hspace_1                                (abs)        00221E
__Hspace_2                                (abs)        000000
__Hspace_4                                (abs)        60000A
__Hstack                                  stack        000000
__Hstruct                                 struct       000000
__Htemp                                   temp         000000
__Htext                                   text         000000
__Htext0                                  text0        000000
__Htext1                                  text1        000000
__Htext10                                 text10       000000
__Htext100                                text100      000000
__Htext101                                text101      000000
__Htext102                                text102      000000
__Htext103                                text103      000000
__Htext104                                text104      000000
__Htext105                                text105      000000
__Htext106                                text106      000000
__Htext107                                text107      000000
__Htext108                                text108      000000
__Htext109                                text109      000000
__Htext11                                 text11       000000
__Htext110                                text110      000000
__Htext111                                text111      000000
__Htext112                                text112      000000
__Htext113                                text113      000000
__Htext114                                text114      000000
__Htext115                                text115      000000
__Htext116                                text116      000000
__Htext117                                text117      000000
__Htext118                                text118      000000
__Htext119                                text119      000000
__Htext12                                 text12       000000
__Htext120                                text120      000000
__Htext121                                text121      000000
__Htext122                                text122      000000
__Htext123                                text123      000000
__Htext124                                text124      000000
__Htext125                                text125      000000
__Htext126                                text126      000000
__Htext127                                text127      000000
__Htext128                                text128      000000
__Htext129                                text129      000000
__Htext13                                 text13       000000
__Htext130                                text130      000000
__Htext131                                text131      000000
__Htext132                                text132      000000
__Htext133                                text133      000000
__Htext134                                text134      000000
__Htext135                                text135      000000
__Htext136                                text136      000000
__Htext137                                text137      000000
__Htext138                                text138      000000
__Htext139                                text139      000000
__Htext14                                 text14       000000
__Htext140                                text140      000000
__Htext141                                text141      000000
__Htext142                                text142      000000
__Htext143                                text143      000000
__Htext144                                text144      000000
__Htext145                                text145      000000
[...]
util_addrdump@size                        cstackBANK5  0005D9
util_hexdump@addr                         cstackBANK5  0005D3
util_hexdump@buf                          cstackBANK5  0005EA
util_hexdump@chars                        cstackBANK5  0005D9
util_hexdump@header                       cstackBANK5  0005D1
util_hexdump@i                            cstackBANK5  0005EC
util_hexdump@size                         cstackBANK5  0005D5
util_hexdump_sum@addr                     cstackBANK5  0005F0
util_hexdump_sum@header                   cstackBANK5  0005EE
util_hexdump_sum@i                        cstackBANK5  0005F6
util_hexdump_sum@p                        cstackBANK5  0005F4
util_hexdump_sum@size                     cstackBANK5  0005F2
util_hexdump_sum@sum                      cstackBANK5  0005F8
validate@obj                              cstackBANK5  0005D1
validate@res                              cstackBANK5  0005DB
validate@rfs                              cstackBANK5  0005D3
vfpfcnvrt@ap                              cstackBANK5  0005AD
vfpfcnvrt@c                               cstackBANK5  0005B8
vfpfcnvrt@convarg                         cstackBANK5  0005B4
vfpfcnvrt@cp                              cstackBANK5  0005B9
vfpfcnvrt@done                            cstackBANK5  0005B3
vfpfcnvrt@fmt                             cstackBANK5  0005AB
vfpfcnvrt@fp                              cstackBANK5  0005A9
vfprintf@ap                               cstackBANK5  0005BF
vfprintf@cfmt                             cstackBANK5  0005C1
vfprintf@fmt                              cstackBANK5  0005BD
vfprintf@fp                               cstackBANK5  0005BB
write_I2C@buff                            cstackCOMRAM 00050B
write_I2C@client_addr                     cstackCOMRAM 00050D
write_I2C@cnt                             cstackCOMRAM 00050E
write_I2C@count                           cstackCOMRAM 00050A
write_I2C@wordAdd                         cstackCOMRAM 000509
write_disk@cnt                            cstackBANK6  0006B5
write_disk@req_h                          cstackBANK6  0006B3
write_sector@addr                         cstackBANK6  0006B6
write_sector@filep                        cstackBANK6  0006BA
write_sector@fres                         cstackBANK6  0006BC
write_sector@io_dos$F2397@filep           cstackBANK6  0006AE
write_sector@io_dos$F2397@fres            cstackBANK6  0006B0
write_sector@io_dos$F2397@n               cstackBANK6  0006B1
write_sector@io_dos$F2397@req_h           cstackBANK6  0006A9
write_sector@n                            cstackBANK6  0006BD
write_sram@ab                             cstackCOMRAM 00051B
write_sram@addr                           cstackCOMRAM 000511
write_sram@buf                            cstackCOMRAM 000515
write_sram@i                              cstackCOMRAM 000519
write_sram@len                            cstackCOMRAM 000517
write_verify@cnt                          cstackBANK6  0006BB
write_verify@i                            cstackBANK6  0006BD
write_verify@req_h                        cstackBANK6  0006B7
xtoa@a                                    cstackCOMRAM 00052E
xtoa@c                                    cstackCOMRAM 000535
xtoa@d                                    cstackCOMRAM 000525
xtoa@fp                                   cstackCOMRAM 000523
xtoa@i                                    cstackCOMRAM 000536
xtoa@p                                    cstackCOMRAM 000531
xtoa@w                                    cstackCOMRAM 000533
xtoa@x                                    cstackCOMRAM 000529


MODULE INFORMATION

Module		Function		Class		Link	Load	Size
C:\Program Files\Microchip\xc8\v3.00\pic\sources\c99\common\flge.c
		___flge        		CODE           	1CC20	0000	260

C:\Program Files\Microchip\xc8\v3.00\pic\sources\c99\common\flge.c estimated size: 260

../src/boards/emu88_common.c
		_get_physical_addr		CODE           	1F776	0000	56
		_putch         		CODE           	1FC0A	0000	22
		_getax         		CODE           	1F3D0	0000	78
		_URT1Rx_ISR    		CODE           	1F590	0000	70
		_devio_init    		CODE           	1F96A	0000	40
		_timer0_init   		CODE           	1FAAC	0000	28
		_write_sram    		CODE           	1E068	0000	172
		_URT3Rx_ISR    		CODE           	1EE38	0000	102
		_read_sram     		CODE           	1E1BE	0000	168
		_emu88_common_start_i88		CODE           	1FB2E	0000	22
		_emu88_common_wait_for_programmer		CODE           	1F28C	0000	82
		_uart1_init    		CODE           	1FA8C	0000	32
		_getch         		CODE           	1F4B8	0000	74
		_putax         		CODE           	1FBB2	0000	22
		_TIMER0_ISR    		CODE           	1ED68	0000	106
		_Default_ISR   		CODE           	1FCE4	0000	2
		_emu88_common_sys_init		CODE           	1EC20	0000	112

../src/boards/emu88_common.c estimated size: 1188

C:\Program Files\Microchip\xc8\v3.00\pic\sources\c99\common\abs.c
		_abs           		CODE           	1F854	0000	52

C:\Program Files\Microchip\xc8\v3.00\pic\sources\c99\common\abs.c estimated size: 52

C:\Program Files\Microchip\xc8\v3.00\pic\sources\c99\common\nf_fputc.c
		_fputc         		CODE           	1DB3A	0000	202

C:\Program Files\Microchip\xc8\v3.00\pic\sources\c99\common\nf_fputc.c estimated size: 202

../drivers/diskio.c
		_get_fattime   		CODE           	1FC7E	0000	18
		_disk_initialize		CODE           	17526	0000	660
		_disk_write    		CODE           	1B28A	0000	382
		_disk_status   		CODE           	1E94A	0000	128
		_disk_ioctl    		CODE           	1E266	0000	164
		_disk_read     		CODE           	1B408	0000	382

../drivers/diskio.c estimated size: 1734

../src/boards/../../drivers/SDCard.c
		_SDCard_crc    		CODE           	1E848	0000	130
		___SDCard_crc16		CODE           	1DCCC	0000	196
		_SDCard_init   		CODE           	141B6	0000	1260
		_SDCard_read512		CODE           	16464	0000	916
		_SDCard_command		CODE           	1E9CA	0000	124
		_SDCard_write512		CODE           	15044	0000	1102
		_SDCard_end_transaction		CODE           	1F940	0000	42
		___SDCard_wait_response		CODE           	1F548	0000	70
		___SDCard_command_r1		CODE           	1DF06	0000	182

../src/boards/../../drivers/SDCard.c estimated size: 4022

../src/io_cpm.c
		_seek_disk     		CODE           	1C5C0	0000	284
		_unimon_console		CODE           	1C6DC	0000	276
		_cpmio_init    		CODE           	1FCC0	0000	8
		_setup_drive   		CODE           	1EB36	0000	118
		_dsk_err       		CODE           	1FCD0	0000	8
		_write_sector  		CODE           	198EC	0000	438
		_read_sector   		CODE           	1AF8A	0000	386
		_cpm_bus_master_operation		CODE           	18D6A	0000	512

../src/io_cpm.c estimated size: 2030

C:\Program Files\Microchip\xc8\v3.00\pic\sources\c99\common\memcmp.c
		_memcmp        		CODE           	1D80A	0000	206

C:\Program Files\Microchip\xc8\v3.00\pic\sources\c99\common\memcmp.c estimated size: 206

C:\Program Files\Microchip\xc8\v3.00\pic\sources\c99\common\memcpy.c
		_memcpy        		CODE           	1F380	0000	80

C:\Program Files\Microchip\xc8\v3.00\pic\sources\c99\common\memcpy.c estimated size: 80

../src/boards/../../drivers/pic18f57q43_spi.c
		_SPI_SD_send   		CODE           	1E61A	0000	148
		_SPI_SD_begin  		CODE           	1F8B8	0000	46
		_SPI_SD_select 		CODE           	1FB16	0000	24
		_SPI_SD_configure		CODE           	1C360	0000	306
		_SPI_SD_receive_byte		CODE           	1FA26	0000	34
		_SPI_SD_receive		CODE           	16F12	0000	808
		_SPI_SD_end_transaction		CODE           	1FA6A	0000	34
		_SPI_SD_dummy_clocks		CODE           	1F022	0000	94
		_release_bus   		CODE           	1F61A	0000	62
		_SPI_SD_begin_transaction		CODE           	1FA48	0000	34
		_acquire_bus   		CODE           	1F238	0000	84

../src/boards/../../drivers/pic18f57q43_spi.c estimated size: 1674

C:\Program Files\Microchip\xc8\v3.00\pic\sources\c99\common\flneg.c
		___flneg       		CODE           	1F7AE	0000	56

C:\Program Files\Microchip\xc8\v3.00\pic\sources\c99\common\flneg.c estimated size: 56

../src/memory.c
		_mem_init      		CODE           	177BA	0000	626

../src/memory.c estimated size: 626

C:\Program Files\Microchip\xc8\v3.00\pic\sources\c99\common\__fpclassifyf.c
		___fpclassifyf 		CODE           	1CE24	0000	254

C:\Program Files\Microchip\xc8\v3.00\pic\sources\c99\common\__fpclassifyf.c estimated size: 254

C:\Program Files\Microchip\xc8\v3.00\pic\sources\c99\common\nf_sprintf.c
		_sprintf       		CODE           	1F330	0000	80

C:\Program Files\Microchip\xc8\v3.00\pic\sources\c99\common\nf_sprintf.c estimated size: 80

../src/I2C_IO.c
		_read_I2C      		CODE           	1D736	0000	212
		_I2C1_Init     		CODE           	1FA04	0000	34
		_chk_i2cdev    		CODE           	1D4AA	0000	220
		_write_I2C     		CODE           	1E584	0000	150
		_rst_I2C       		CODE           	1FCB6	0000	10
		_I2C_ByteRead  		CODE           	1EDD2	0000	102
		_I2C_ByteWrite 		CODE           	1F41E	0000	78
		_I2C_Check_BusFree		CODE           	1EF66	0000	94
		_chk_ACK       		CODE           	1F706	0000	56

../src/I2C_IO.c estimated size: 956

C:\Program Files\Microchip\xc8\v3.00\pic\sources\c99\common\printf.c
		_printf        		CODE           	1F9BA	0000	40

C:\Program Files\Microchip\xc8\v3.00\pic\sources\c99\common\printf.c estimated size: 40

../fatfs/ff.c
		_clst2sect     		CODE           	1D9A4	0000	204
		_find_volume   		CODE           	19162	0000	500
		_dir_clear     		CODE           	1BE2E	0000	336
		_ld_dword      		CODE           	1DE4E	0000	184
		_remove_chain  		CODE           	17EB2	0000	562
		_f_mount       		CODE           	1D01E	0000	250
		_get_fat       		CODE           	15CE2	0000	1004
		_st_word       		CODE           	1F992	0000	40
		_get_ldnumber  		CODE           	1A302	0000	414
		_st_clust      		CODE           	1F46C	0000	76
		_create_name   		CODE           	160CE	0000	918
		_create_chain  		CODE           	13C06	0000	1456
		_dbc_1st       		CODE           	1E44C	0000	156
		_f_lseek       		CODE           	11DA0	0000	2050
		_validate      		CODE           	1CD24	0000	256
		_check_fs      		CODE           	1723A	0000	748
		_f_sync        		CODE           	1851C	0000	534
		_get_fileinfo  		CODE           	18F6A	0000	504
		_dir_read      		CODE           	1A15E	0000	420
		_st_dword      		CODE           	1EC90	0000	108
		_f_write       		CODE           	11524	0000	2172
		_dir_alloc     		CODE           	1BF7E	0000	334
		_f_opendir     		CODE           	1B10C	0000	382
		_put_fat       		CODE           	146A2	0000	1260
		_f_readdir     		CODE           	1D202	0000	230
		_sync_fs       		CODE           	18948	0000	530
		_dir_next      		CODE           	15492	0000	1066
		_sync_window   		CODE           	1A63E	0000	412
		_dir_register  		CODE           	1D2E8	0000	226
		_ld_word       		CODE           	1F7E6	0000	56
		_dir_find      		CODE           	1AE06	0000	388
		_f_open        		CODE           	125A2	0000	2024
		_f_read        		CODE           	134F2	0000	1812
		_f_close       		CODE           	1F134	0000	88
		_dir_sdi       		CODE           	16B88	0000	906
		_follow_path   		CODE           	18300	0000	540
		_f_closedir    		CODE           	1F6CE	0000	56
		_dbc_2nd       		CODE           	1D3CA	0000	224
		_ld_clust      		CODE           	1E8CA	0000	128
		_move_window   		CODE           	1DA70	0000	202
		_mount_volume  		CODE           	10000	0000	2756

../fatfs/ff.c estimated size: 26512

../drivers/utils.c
		_cnv_byte      		CODE           	1FAC8	0000	28
		_chk_leap      		CODE           	1E6AE	0000	140
		_util_addrdump 		CODE           	1BB5A	0000	370
		_util_hexdump  		CODE           	1BCCC	0000	354
		_days_from_1980		CODE           	1D65E	0000	216
		_util_hexdump_sum		CODE           	1E7C6	0000	130
		_cnv_bcd       		CODE           	1E73A	0000	140
		_jan_to_days   		CODE           	1EABE	0000	120
		_cnv_ymd       		CODE           	1C492	0000	302
		_leaps         		CODE           	1F0DA	0000	90

../drivers/utils.c estimated size: 1890

C:\Program Files\Microchip\xc8\v3.00\pic\sources\c99\common\lwmod.c
		___lwmod       		CODE           	1EF02	0000	100

C:\Program Files\Microchip\xc8\v3.00\pic\sources\c99\common\lwmod.c estimated size: 100

C:\Program Files\Microchip\xc8\v3.00\pic\sources\c99\common\floorf.c
		_floorf        		CODE           	18732	0000	534

C:\Program Files\Microchip\xc8\v3.00\pic\sources\c99\common\floorf.c estimated size: 534

C:\Program Files\Microchip\xc8\v3.00\pic\sources\c99\common\fleq.c
		___fleq        		CODE           	1E114	0000	170

C:\Program Files\Microchip\xc8\v3.00\pic\sources\c99\common\fleq.c estimated size: 170

C:\Program Files\Microchip\xc8\v3.00\pic\sources\c99\common\sprcmul.c
		___flmul       		CODE           	158BC	0000	1062

C:\Program Files\Microchip\xc8\v3.00\pic\sources\c99\common\sprcmul.c estimated size: 1062

C:\Program Files\Microchip\xc8\v3.00\pic\sources\c99\common\Umul32.c
		___lmul        		CODE           	1ECFC	0000	106

C:\Program Files\Microchip\xc8\v3.00\pic\sources\c99\common\Umul32.c estimated size: 106

../src/emu88_main.c
		_main          		CODE           	180E4	0000	540
		_open_dskimg   		CODE           	18B5A	0000	528
		_setup_msdos   		CODE           	19AA2	0000	436
		_setup_cpm     		CODE           	1B874	0000	372
		_disk_init     		CODE           	1F2DE	0000	82
		_load_program  		CODE           	1B586	0000	378
		_chk_os        		CODE           	17A2C	0000	590

../src/emu88_main.c estimated size: 2926

C:\Program Files\Microchip\xc8\v3.00\pic\sources\c99\common\almod.c
		___almod       		CODE           	1D118	0000	234

C:\Program Files\Microchip\xc8\v3.00\pic\sources\c99\common\almod.c estimated size: 234

C:\Program Files\Microchip\xc8\v3.00\pic\sources\c99\common\__lldiv.c
		___lldiv       		CODE           	1E30A	0000	164

C:\Program Files\Microchip\xc8\v3.00\pic\sources\c99\common\__lldiv.c estimated size: 164

C:\Program Files\Microchip\xc8\v3.00\pic\sources\c99\common\sprcdiv.c
		___fldiv       		CODE           	167F8	0000	912

C:\Program Files\Microchip\xc8\v3.00\pic\sources\c99\common\sprcdiv.c estimated size: 912

shared
		_mtod          		MEDIUMCONST    	F601	0000	24
		_DbcTbl        		MEDIUMCONST    	F619	0000	10
		__initialization		CODE           	1D586	0000	210

shared estimated size: 244

../src/boards/EMU88RAM.c
		_board_event_loop		CODE           	1EFC4	0000	94
		_nmi_sig_on    		CODE           	1FCDC	0000	4
		_nmi_sig_off   		CODE           	1FCE0	0000	4
		_set_hold_pin  		CODE           	1FC48	0000	18
		_sys_init      		CODE           	1B9E8	0000	370
		_bus_hold_req  		CODE           	1FC34	0000	20
		_setup_tomer0  		CODE           	1F9E2	0000	34
		_reset_hold_pin		CODE           	1FC5A	0000	18
		_start_i88     		CODE           	1F8E6	0000	46
		_setup_I2C     		CODE           	1F694	0000	58
		_bus_release_req		CODE           	1FC20	0000	20
		_setup_uart1   		CODE           	1F888	0000	48
		_reset_ioreq   		CODE           	1FCC8	0000	8

../src/boards/EMU88RAM.c estimated size: 742

C:\Program Files\Microchip\xc8\v3.00\pic\sources\c99\common\xxtofl.c
		___xxtofl      		CODE           	19C56	0000	436

C:\Program Files\Microchip\xc8\v3.00\pic\sources\c99\common\xxtofl.c estimated size: 436

C:\Program Files\Microchip\xc8\v3.00\pic\sources\c99\common\nf_fputs.c
		_fputs         		CODE           	1F5D6	0000	68

C:\Program Files\Microchip\xc8\v3.00\pic\sources\c99\common\nf_fputs.c estimated size: 68

C:\Program Files\Microchip\xc8\v3.00\pic\sources\c99\common\strcmp.c
		_strcmp        		CODE           	1EA46	0000	120

C:\Program Files\Microchip\xc8\v3.00\pic\sources\c99\common\strcmp.c estimated size: 120

C:\Program Files\Microchip\xc8\v3.00\pic\sources\c99\common\strchr.c
		_strchr        		CODE           	1F080	0000	90

C:\Program Files\Microchip\xc8\v3.00\pic\sources\c99\common\strchr.c estimated size: 90

C:\Program Files\Microchip\xc8\v3.00\pic\sources\c99\common\strcpy.c
		_strcpy        		CODE           	1F658	0000	60

C:\Program Files\Microchip\xc8\v3.00\pic\sources\c99\common\strcpy.c estimated size: 60

C:\Program Files\Microchip\xc8\v3.00\pic\sources\c99\common\memset.c
		_memset        		CODE           	1F73E	0000	56

C:\Program Files\Microchip\xc8\v3.00\pic\sources\c99\common\memset.c estimated size: 56

../src/io_dos.c
		_dsk_drv_err   		CODE           	1FB44	0000	22
		_dev_aux       		CODE           	1A7DA	0000	398
		_command_error 		CODE           	1FBDE	0000	22
		_dos_bus_master_operation		CODE           	1971A	0000	466
		_seek_disk@io_dos$F2287		CODE           	1DD90	0000	190
		_write_disk    		CODE           	1E4E8	0000	156
		_read_sector@io_dos$F2333		CODE           	1A968	0000	398
		_setup_drive@io_dos$F2273		CODE           	1EE9E	0000	100
		_read_disk     		CODE           	1DFBC	0000	172
		_dsk_bpb_err   		CODE           	1FB9C	0000	22
		_dsk_media_check		CODE           	1FC6C	0000	18
		_set_drive     		CODE           	1F81E	0000	54
		_unimon_console@io_dos$F2021		CODE           	1C0CC	0000	334
		_dos_sec_size  		CODE           	1FCAC	0000	10
		_write_sector@io_dos$F2397		CODE           	19E0A	0000	430
		_set_bpb       		CODE           	1CF22	0000	252
		_dsk_wr_err    		CODE           	1FB5A	0000	22
		_dev_con       		CODE           	1AAF6	0000	394
		_dev_exit      		CODE           	1FBC8	0000	22
		_dev_DS1307    		CODE           	17C7A	0000	568
		_dosio_init    		CODE           	1FAFE	0000	24
		_set_dskinit_bpb		CODE           	1C7F0	0000	274
		_write_verify  		CODE           	1C21A	0000	326
		_dev_tim       		CODE           	1C902	0000	270
		_busy_exit     		CODE           	1FBF4	0000	22
		_dev_prn       		CODE           	1FC9E	0000	14
		_setup_clk_aux 		CODE           	1B700	0000	372
		_dsk_rd_err    		CODE           	1FB70	0000	22
		_dsk_crc_err   		CODE           	1FB86	0000	22
		_not_support   		CODE           	1FC90	0000	14
		_dev_FT200XD   		CODE           	19FB8	0000	422
		_dev_dsk       		CODE           	19356	0000	486

../src/io_dos.c estimated size: 6318

C:\Program Files\Microchip\xc8\v3.00\pic\sources\c99\common\lwdiv.c
		___lwdiv       		CODE           	1EBAC	0000	116

C:\Program Files\Microchip\xc8\v3.00\pic\sources\c99\common\lwdiv.c estimated size: 116

C:\Program Files\Microchip\xc8\v3.00\pic\sources\c99\common\fltol.c
		___fltol       		CODE           	1CB1A	0000	262

C:\Program Files\Microchip\xc8\v3.00\pic\sources\c99\common\fltol.c estimated size: 262

C:\Program Files\Microchip\xc8\v3.00\pic\sources\c99\common\labs.c
		_labs          		CODE           	1F1E2	0000	86

C:\Program Files\Microchip\xc8\v3.00\pic\sources\c99\common\labs.c estimated size: 86

C:\Program Files\Microchip\xc8\v3.00\pic\sources\c99\common\aldiv.c
		___aldiv       		CODE           	1CA10	0000	266

C:\Program Files\Microchip\xc8\v3.00\pic\sources\c99\common\aldiv.c estimated size: 266

C:\Program Files\Microchip\xc8\v3.00\pic\sources\c99\common\doprnt.c
		_read_prec_or_width		CODE           	1D8D8	0000	204
		_vfpfcnvrt     		CODE           	12D8A	0000	1896
		_efgtoa        		CODE           	10AC4	0000	2656
		_pad           		CODE           	1E3AE	0000	158
		_ctoa          		CODE           	1DC04	0000	200
		_dtoa          		CODE           	1953C	0000	478
		_vfprintf      		CODE           	1F18C	0000	86
		_stoa          		CODE           	1A4A0	0000	414
		_xtoa          		CODE           	1AC80	0000	390

C:\Program Files\Microchip\xc8\v3.00\pic\sources\c99\common\doprnt.c estimated size: 6482

C:\Program Files\Microchip\xc8\v3.00\pic\sources\c99\common\sprcadd.c
		___flsub       		CODE           	1F502	0000	70
		___fladd       		CODE           	14B8E	0000	1206

C:\Program Files\Microchip\xc8\v3.00\pic\sources\c99\common\sprcadd.c estimated size: 1276

